2025-04-17 15:30:49 | INFO | Приложение запущено
2025-04-17 15:30:51 | INFO | Приложение запущено
2025-04-17 15:30:56 | INFO | Запрос главной страницы
2025-04-17 15:30:56 | WARNING | Страница не найдена: 404 Not Found: The requested URL was not found on the server. If you entered the URL manually please check your spelling and try again.
2025-04-17 15:30:56 | WARNING | Страница не найдена: 404 Not Found: The requested URL was not found on the server. If you entered the URL manually please check your spelling and try again.
2025-04-17 15:30:56 | WARNING | Страница не найдена: 404 Not Found: The requested URL was not found on the server. If you entered the URL manually please check your spelling and try again.
2025-04-17 15:30:56 | WARNING | Страница не найдена: 404 Not Found: The requested URL was not found on the server. If you entered the URL manually please check your spelling and try again.
2025-04-17 15:30:57 | WARNING | Страница не найдена: 404 Not Found: The requested URL was not found on the server. If you entered the URL manually please check your spelling and try again.
2025-04-17 15:30:57 | WARNING | Страница не найдена: 404 Not Found: The requested URL was not found on the server. If you entered the URL manually please check your spelling and try again.
2025-04-17 15:30:57 | WARNING | Страница не найдена: 404 Not Found: The requested URL was not found on the server. If you entered the URL manually please check your spelling and try again.
2025-04-17 15:30:57 | WARNING | Страница не найдена: 404 Not Found: The requested URL was not found on the server. If you entered the URL manually please check your spelling and try again.
2025-04-17 15:30:57 | WARNING | Страница не найдена: 404 Not Found: The requested URL was not found on the server. If you entered the URL manually please check your spelling and try again.
2025-04-17 15:30:57 | WARNING | Страница не найдена: 404 Not Found: The requested URL was not found on the server. If you entered the URL manually please check your spelling and try again.
2025-04-17 15:30:57 | WARNING | Страница не найдена: 404 Not Found: The requested URL was not found on the server. If you entered the URL manually please check your spelling and try again.
2025-04-17 15:30:57 | WARNING | Страница не найдена: 404 Not Found: The requested URL was not found on the server. If you entered the URL manually please check your spelling and try again.
2025-04-17 15:30:57 | WARNING | Страница не найдена: 404 Not Found: The requested URL was not found on the server. If you entered the URL manually please check your spelling and try again.
2025-04-17 15:30:57 | WARNING | Страница не найдена: 404 Not Found: The requested URL was not found on the server. If you entered the URL manually please check your spelling and try again.
2025-04-17 15:30:57 | WARNING | Страница не найдена: 404 Not Found: The requested URL was not found on the server. If you entered the URL manually please check your spelling and try again.
2025-04-17 15:30:57 | WARNING | Страница не найдена: 404 Not Found: The requested URL was not found on the server. If you entered the URL manually please check your spelling and try again.
2025-04-17 15:30:57 | WARNING | Страница не найдена: 404 Not Found: The requested URL was not found on the server. If you entered the URL manually please check your spelling and try again.
2025-04-17 15:32:06 | INFO | Запрос API данных услуг
2025-04-17 15:32:06 | INFO | Данные услуг успешно загружены
2025-04-17 15:32:11 | INFO | Запрос API данных услуг
2025-04-17 15:32:11 | INFO | Данные услуг успешно загружены
2025-04-17 15:32:16 | INFO | Запрос API данных услуг
2025-04-17 15:32:16 | INFO | Данные услуг успешно загружены
2025-04-17 15:32:17 | INFO | Запрос API данных услуг
2025-04-17 15:32:17 | INFO | Данные услуг успешно загружены
2025-04-17 15:32:19 | INFO | Запрос API данных услуг
2025-04-17 15:32:19 | INFO | Данные услуг успешно загружены
2025-04-17 15:40:53 | INFO | Запрос главной страницы
2025-04-17 15:40:53 | WARNING | Страница не найдена: 404 Not Found: The requested URL was not found on the server. If you entered the URL manually please check your spelling and try again.
2025-04-17 15:40:53 | WARNING | Страница не найдена: 404 Not Found: The requested URL was not found on the server. If you entered the URL manually please check your spelling and try again.
2025-04-17 15:40:53 | WARNING | Страница не найдена: 404 Not Found: The requested URL was not found on the server. If you entered the URL manually please check your spelling and try again.
2025-04-17 15:40:53 | WARNING | Страница не найдена: 404 Not Found: The requested URL was not found on the server. If you entered the URL manually please check your spelling and try again.
2025-04-17 15:40:53 | WARNING | Страница не найдена: 404 Not Found: The requested URL was not found on the server. If you entered the URL manually please check your spelling and try again.
2025-04-17 15:40:53 | WARNING | Страница не найдена: 404 Not Found: The requested URL was not found on the server. If you entered the URL manually please check your spelling and try again.
2025-04-17 15:40:53 | WARNING | Страница не найдена: 404 Not Found: The requested URL was not found on the server. If you entered the URL manually please check your spelling and try again.
2025-04-17 15:40:53 | WARNING | Страница не найдена: 404 Not Found: The requested URL was not found on the server. If you entered the URL manually please check your spelling and try again.
2025-04-17 15:40:53 | WARNING | Страница не найдена: 404 Not Found: The requested URL was not found on the server. If you entered the URL manually please check your spelling and try again.
2025-04-17 15:40:53 | WARNING | Страница не найдена: 404 Not Found: The requested URL was not found on the server. If you entered the URL manually please check your spelling and try again.
2025-04-17 15:40:53 | WARNING | Страница не найдена: 404 Not Found: The requested URL was not found on the server. If you entered the URL manually please check your spelling and try again.
2025-04-17 15:40:53 | WARNING | Страница не найдена: 404 Not Found: The requested URL was not found on the server. If you entered the URL manually please check your spelling and try again.
2025-04-17 15:40:53 | WARNING | Страница не найдена: 404 Not Found: The requested URL was not found on the server. If you entered the URL manually please check your spelling and try again.
2025-04-17 15:40:53 | WARNING | Страница не найдена: 404 Not Found: The requested URL was not found on the server. If you entered the URL manually please check your spelling and try again.
2025-04-17 15:40:54 | WARNING | Страница не найдена: 404 Not Found: The requested URL was not found on the server. If you entered the URL manually please check your spelling and try again.
2025-04-17 15:40:54 | WARNING | Страница не найдена: 404 Not Found: The requested URL was not found on the server. If you entered the URL manually please check your spelling and try again.
2025-04-17 15:43:22 | INFO | Запрос главной страницы
2025-04-17 15:43:22 | WARNING | Страница не найдена: 404 Not Found: The requested URL was not found on the server. If you entered the URL manually please check your spelling and try again.
2025-04-17 15:43:22 | WARNING | Страница не найдена: 404 Not Found: The requested URL was not found on the server. If you entered the URL manually please check your spelling and try again.
2025-04-17 15:43:22 | WARNING | Страница не найдена: 404 Not Found: The requested URL was not found on the server. If you entered the URL manually please check your spelling and try again.
2025-04-17 15:43:22 | WARNING | Страница не найдена: 404 Not Found: The requested URL was not found on the server. If you entered the URL manually please check your spelling and try again.
2025-04-17 15:43:22 | WARNING | Страница не найдена: 404 Not Found: The requested URL was not found on the server. If you entered the URL manually please check your spelling and try again.
2025-04-17 15:43:22 | WARNING | Страница не найдена: 404 Not Found: The requested URL was not found on the server. If you entered the URL manually please check your spelling and try again.
2025-04-17 15:43:23 | WARNING | Страница не найдена: 404 Not Found: The requested URL was not found on the server. If you entered the URL manually please check your spelling and try again.
2025-04-17 15:43:23 | WARNING | Страница не найдена: 404 Not Found: The requested URL was not found on the server. If you entered the URL manually please check your spelling and try again.
2025-04-17 15:43:23 | WARNING | Страница не найдена: 404 Not Found: The requested URL was not found on the server. If you entered the URL manually please check your spelling and try again.
2025-04-17 15:43:23 | WARNING | Страница не найдена: 404 Not Found: The requested URL was not found on the server. If you entered the URL manually please check your spelling and try again.
2025-04-17 15:43:23 | WARNING | Страница не найдена: 404 Not Found: The requested URL was not found on the server. If you entered the URL manually please check your spelling and try again.
2025-04-17 15:43:23 | WARNING | Страница не найдена: 404 Not Found: The requested URL was not found on the server. If you entered the URL manually please check your spelling and try again.
2025-04-17 15:43:23 | WARNING | Страница не найдена: 404 Not Found: The requested URL was not found on the server. If you entered the URL manually please check your spelling and try again.
2025-04-17 15:43:23 | WARNING | Страница не найдена: 404 Not Found: The requested URL was not found on the server. If you entered the URL manually please check your spelling and try again.
2025-04-17 15:43:23 | WARNING | Страница не найдена: 404 Not Found: The requested URL was not found on the server. If you entered the URL manually please check your spelling and try again.
2025-04-17 15:43:23 | WARNING | Страница не найдена: 404 Not Found: The requested URL was not found on the server. If you entered the URL manually please check your spelling and try again.
2025-04-17 15:45:16 | INFO | Запрос главной страницы
2025-04-17 15:45:16 | WARNING | Страница не найдена: 404 Not Found: The requested URL was not found on the server. If you entered the URL manually please check your spelling and try again.
2025-04-17 15:45:16 | WARNING | Страница не найдена: 404 Not Found: The requested URL was not found on the server. If you entered the URL manually please check your spelling and try again.
2025-04-17 15:45:16 | WARNING | Страница не найдена: 404 Not Found: The requested URL was not found on the server. If you entered the URL manually please check your spelling and try again.
2025-04-17 15:45:16 | WARNING | Страница не найдена: 404 Not Found: The requested URL was not found on the server. If you entered the URL manually please check your spelling and try again.
2025-04-17 15:45:16 | WARNING | Страница не найдена: 404 Not Found: The requested URL was not found on the server. If you entered the URL manually please check your spelling and try again.
2025-04-17 15:45:16 | WARNING | Страница не найдена: 404 Not Found: The requested URL was not found on the server. If you entered the URL manually please check your spelling and try again.
2025-04-17 15:45:16 | WARNING | Страница не найдена: 404 Not Found: The requested URL was not found on the server. If you entered the URL manually please check your spelling and try again.
2025-04-17 15:45:16 | WARNING | Страница не найдена: 404 Not Found: The requested URL was not found on the server. If you entered the URL manually please check your spelling and try again.
2025-04-17 15:45:16 | WARNING | Страница не найдена: 404 Not Found: The requested URL was not found on the server. If you entered the URL manually please check your spelling and try again.
2025-04-17 15:45:16 | WARNING | Страница не найдена: 404 Not Found: The requested URL was not found on the server. If you entered the URL manually please check your spelling and try again.
2025-04-17 15:45:16 | WARNING | Страница не найдена: 404 Not Found: The requested URL was not found on the server. If you entered the URL manually please check your spelling and try again.
2025-04-17 15:45:16 | WARNING | Страница не найдена: 404 Not Found: The requested URL was not found on the server. If you entered the URL manually please check your spelling and try again.
2025-04-17 15:45:16 | WARNING | Страница не найдена: 404 Not Found: The requested URL was not found on the server. If you entered the URL manually please check your spelling and try again.
2025-04-17 15:45:16 | WARNING | Страница не найдена: 404 Not Found: The requested URL was not found on the server. If you entered the URL manually please check your spelling and try again.
2025-04-17 15:45:16 | WARNING | Страница не найдена: 404 Not Found: The requested URL was not found on the server. If you entered the URL manually please check your spelling and try again.
2025-04-17 15:45:16 | WARNING | Страница не найдена: 404 Not Found: The requested URL was not found on the server. If you entered the URL manually please check your spelling and try again.
2025-04-17 15:47:57 | INFO | Запрос главной страницы
2025-04-17 15:47:57 | WARNING | Страница не найдена: 404 Not Found: The requested URL was not found on the server. If you entered the URL manually please check your spelling and try again.
2025-04-17 15:47:57 | WARNING | Страница не найдена: 404 Not Found: The requested URL was not found on the server. If you entered the URL manually please check your spelling and try again.
2025-04-17 15:47:57 | WARNING | Страница не найдена: 404 Not Found: The requested URL was not found on the server. If you entered the URL manually please check your spelling and try again.
2025-04-17 15:47:57 | WARNING | Страница не найдена: 404 Not Found: The requested URL was not found on the server. If you entered the URL manually please check your spelling and try again.
2025-04-17 15:47:57 | WARNING | Страница не найдена: 404 Not Found: The requested URL was not found on the server. If you entered the URL manually please check your spelling and try again.
2025-04-17 15:47:57 | WARNING | Страница не найдена: 404 Not Found: The requested URL was not found on the server. If you entered the URL manually please check your spelling and try again.
2025-04-17 15:47:57 | WARNING | Страница не найдена: 404 Not Found: The requested URL was not found on the server. If you entered the URL manually please check your spelling and try again.
2025-04-17 15:47:57 | WARNING | Страница не найдена: 404 Not Found: The requested URL was not found on the server. If you entered the URL manually please check your spelling and try again.
2025-04-17 15:47:57 | WARNING | Страница не найдена: 404 Not Found: The requested URL was not found on the server. If you entered the URL manually please check your spelling and try again.
2025-04-17 15:47:57 | WARNING | Страница не найдена: 404 Not Found: The requested URL was not found on the server. If you entered the URL manually please check your spelling and try again.
2025-04-17 15:47:57 | WARNING | Страница не найдена: 404 Not Found: The requested URL was not found on the server. If you entered the URL manually please check your spelling and try again.
2025-04-17 15:47:57 | WARNING | Страница не найдена: 404 Not Found: The requested URL was not found on the server. If you entered the URL manually please check your spelling and try again.
2025-04-17 15:47:58 | WARNING | Страница не найдена: 404 Not Found: The requested URL was not found on the server. If you entered the URL manually please check your spelling and try again.
2025-04-17 15:47:58 | WARNING | Страница не найдена: 404 Not Found: The requested URL was not found on the server. If you entered the URL manually please check your spelling and try again.
2025-04-17 15:47:58 | WARNING | Страница не найдена: 404 Not Found: The requested URL was not found on the server. If you entered the URL manually please check your spelling and try again.
2025-04-17 15:52:03 | INFO | Запрос главной страницы
2025-04-17 15:52:03 | WARNING | Страница не найдена: 404 Not Found: The requested URL was not found on the server. If you entered the URL manually please check your spelling and try again.
2025-04-17 15:52:03 | WARNING | Страница не найдена: 404 Not Found: The requested URL was not found on the server. If you entered the URL manually please check your spelling and try again.
2025-04-17 15:52:03 | WARNING | Страница не найдена: 404 Not Found: The requested URL was not found on the server. If you entered the URL manually please check your spelling and try again.
2025-04-17 15:52:03 | WARNING | Страница не найдена: 404 Not Found: The requested URL was not found on the server. If you entered the URL manually please check your spelling and try again.
2025-04-17 15:52:03 | WARNING | Страница не найдена: 404 Not Found: The requested URL was not found on the server. If you entered the URL manually please check your spelling and try again.
2025-04-17 15:52:03 | WARNING | Страница не найдена: 404 Not Found: The requested URL was not found on the server. If you entered the URL manually please check your spelling and try again.
2025-04-17 15:52:03 | WARNING | Страница не найдена: 404 Not Found: The requested URL was not found on the server. If you entered the URL manually please check your spelling and try again.
2025-04-17 15:52:03 | WARNING | Страница не найдена: 404 Not Found: The requested URL was not found on the server. If you entered the URL manually please check your spelling and try again.
2025-04-17 15:52:03 | WARNING | Страница не найдена: 404 Not Found: The requested URL was not found on the server. If you entered the URL manually please check your spelling and try again.
2025-04-17 15:52:03 | WARNING | Страница не найдена: 404 Not Found: The requested URL was not found on the server. If you entered the URL manually please check your spelling and try again.
2025-04-17 15:52:03 | WARNING | Страница не найдена: 404 Not Found: The requested URL was not found on the server. If you entered the URL manually please check your spelling and try again.
2025-04-17 15:52:03 | WARNING | Страница не найдена: 404 Not Found: The requested URL was not found on the server. If you entered the URL manually please check your spelling and try again.
2025-04-17 15:52:03 | WARNING | Страница не найдена: 404 Not Found: The requested URL was not found on the server. If you entered the URL manually please check your spelling and try again.
2025-04-17 15:52:03 | WARNING | Страница не найдена: 404 Not Found: The requested URL was not found on the server. If you entered the URL manually please check your spelling and try again.
2025-04-17 15:52:03 | WARNING | Страница не найдена: 404 Not Found: The requested URL was not found on the server. If you entered the URL manually please check your spelling and try again.
2025-04-17 15:52:10 | INFO | Запрос API данных услуг
2025-04-17 15:52:10 | INFO | Данные услуг успешно загружены
2025-04-17 15:52:12 | INFO | Запрос API данных услуг
2025-04-17 15:52:12 | INFO | Данные услуг успешно загружены
2025-04-17 15:58:23 | INFO | Запрос API данных услуг
2025-04-17 15:58:23 | INFO | Данные услуг успешно загружены
2025-04-17 15:58:25 | INFO | Запрос главной страницы
2025-04-17 15:58:25 | WARNING | Страница не найдена: 404 Not Found: The requested URL was not found on the server. If you entered the URL manually please check your spelling and try again.
2025-04-17 15:58:25 | WARNING | Страница не найдена: 404 Not Found: The requested URL was not found on the server. If you entered the URL manually please check your spelling and try again.
2025-04-17 15:58:25 | WARNING | Страница не найдена: 404 Not Found: The requested URL was not found on the server. If you entered the URL manually please check your spelling and try again.
2025-04-17 15:58:25 | WARNING | Страница не найдена: 404 Not Found: The requested URL was not found on the server. If you entered the URL manually please check your spelling and try again.
2025-04-17 15:58:25 | WARNING | Страница не найдена: 404 Not Found: The requested URL was not found on the server. If you entered the URL manually please check your spelling and try again.
2025-04-17 15:58:25 | WARNING | Страница не найдена: 404 Not Found: The requested URL was not found on the server. If you entered the URL manually please check your spelling and try again.
2025-04-17 15:58:25 | WARNING | Страница не найдена: 404 Not Found: The requested URL was not found on the server. If you entered the URL manually please check your spelling and try again.
2025-04-17 15:58:25 | WARNING | Страница не найдена: 404 Not Found: The requested URL was not found on the server. If you entered the URL manually please check your spelling and try again.
2025-04-17 15:58:25 | WARNING | Страница не найдена: 404 Not Found: The requested URL was not found on the server. If you entered the URL manually please check your spelling and try again.
2025-04-17 15:58:25 | WARNING | Страница не найдена: 404 Not Found: The requested URL was not found on the server. If you entered the URL manually please check your spelling and try again.
2025-04-17 15:58:25 | WARNING | Страница не найдена: 404 Not Found: The requested URL was not found on the server. If you entered the URL manually please check your spelling and try again.
2025-04-17 15:58:25 | WARNING | Страница не найдена: 404 Not Found: The requested URL was not found on the server. If you entered the URL manually please check your spelling and try again.
2025-04-17 15:58:25 | WARNING | Страница не найдена: 404 Not Found: The requested URL was not found on the server. If you entered the URL manually please check your spelling and try again.
2025-04-17 15:58:25 | WARNING | Страница не найдена: 404 Not Found: The requested URL was not found on the server. If you entered the URL manually please check your spelling and try again.
2025-04-17 15:58:25 | WARNING | Страница не найдена: 404 Not Found: The requested URL was not found on the server. If you entered the URL manually please check your spelling and try again.
2025-04-17 16:02:03 | INFO | Запрос главной страницы
2025-04-17 16:02:03 | WARNING | Страница не найдена: 404 Not Found: The requested URL was not found on the server. If you entered the URL manually please check your spelling and try again.
2025-04-17 16:02:03 | WARNING | Страница не найдена: 404 Not Found: The requested URL was not found on the server. If you entered the URL manually please check your spelling and try again.
2025-04-17 16:02:03 | WARNING | Страница не найдена: 404 Not Found: The requested URL was not found on the server. If you entered the URL manually please check your spelling and try again.
2025-04-17 16:02:03 | WARNING | Страница не найдена: 404 Not Found: The requested URL was not found on the server. If you entered the URL manually please check your spelling and try again.
2025-04-17 16:02:03 | WARNING | Страница не найдена: 404 Not Found: The requested URL was not found on the server. If you entered the URL manually please check your spelling and try again.
2025-04-17 16:02:03 | WARNING | Страница не найдена: 404 Not Found: The requested URL was not found on the server. If you entered the URL manually please check your spelling and try again.
2025-04-17 16:02:03 | WARNING | Страница не найдена: 404 Not Found: The requested URL was not found on the server. If you entered the URL manually please check your spelling and try again.
2025-04-17 16:02:03 | WARNING | Страница не найдена: 404 Not Found: The requested URL was not found on the server. If you entered the URL manually please check your spelling and try again.
2025-04-17 16:02:03 | WARNING | Страница не найдена: 404 Not Found: The requested URL was not found on the server. If you entered the URL manually please check your spelling and try again.
2025-04-17 16:02:03 | WARNING | Страница не найдена: 404 Not Found: The requested URL was not found on the server. If you entered the URL manually please check your spelling and try again.
2025-04-17 16:02:03 | WARNING | Страница не найдена: 404 Not Found: The requested URL was not found on the server. If you entered the URL manually please check your spelling and try again.
2025-04-17 16:02:03 | WARNING | Страница не найдена: 404 Not Found: The requested URL was not found on the server. If you entered the URL manually please check your spelling and try again.
2025-04-17 16:02:03 | WARNING | Страница не найдена: 404 Not Found: The requested URL was not found on the server. If you entered the URL manually please check your spelling and try again.
2025-04-17 16:02:03 | WARNING | Страница не найдена: 404 Not Found: The requested URL was not found on the server. If you entered the URL manually please check your spelling and try again.
2025-04-17 16:02:12 | INFO | Запрос главной страницы
2025-04-17 16:02:12 | WARNING | Страница не найдена: 404 Not Found: The requested URL was not found on the server. If you entered the URL manually please check your spelling and try again.
2025-04-17 16:02:12 | WARNING | Страница не найдена: 404 Not Found: The requested URL was not found on the server. If you entered the URL manually please check your spelling and try again.
2025-04-17 16:02:12 | WARNING | Страница не найдена: 404 Not Found: The requested URL was not found on the server. If you entered the URL manually please check your spelling and try again.
2025-04-17 16:02:12 | WARNING | Страница не найдена: 404 Not Found: The requested URL was not found on the server. If you entered the URL manually please check your spelling and try again.
2025-04-17 16:02:12 | WARNING | Страница не найдена: 404 Not Found: The requested URL was not found on the server. If you entered the URL manually please check your spelling and try again.
2025-04-17 16:02:12 | WARNING | Страница не найдена: 404 Not Found: The requested URL was not found on the server. If you entered the URL manually please check your spelling and try again.
2025-04-17 16:02:12 | WARNING | Страница не найдена: 404 Not Found: The requested URL was not found on the server. If you entered the URL manually please check your spelling and try again.
2025-04-17 16:02:12 | WARNING | Страница не найдена: 404 Not Found: The requested URL was not found on the server. If you entered the URL manually please check your spelling and try again.
2025-04-17 16:02:12 | WARNING | Страница не найдена: 404 Not Found: The requested URL was not found on the server. If you entered the URL manually please check your spelling and try again.
2025-04-17 16:04:23 | INFO | Запрос главной страницы
2025-04-17 16:04:23 | WARNING | Страница не найдена: 404 Not Found: The requested URL was not found on the server. If you entered the URL manually please check your spelling and try again.
2025-04-17 16:04:23 | WARNING | Страница не найдена: 404 Not Found: The requested URL was not found on the server. If you entered the URL manually please check your spelling and try again.
2025-04-17 16:04:23 | WARNING | Страница не найдена: 404 Not Found: The requested URL was not found on the server. If you entered the URL manually please check your spelling and try again.
2025-04-17 16:04:23 | WARNING | Страница не найдена: 404 Not Found: The requested URL was not found on the server. If you entered the URL manually please check your spelling and try again.
2025-04-17 16:04:23 | WARNING | Страница не найдена: 404 Not Found: The requested URL was not found on the server. If you entered the URL manually please check your spelling and try again.
2025-04-17 16:04:23 | WARNING | Страница не найдена: 404 Not Found: The requested URL was not found on the server. If you entered the URL manually please check your spelling and try again.
2025-04-17 16:04:24 | WARNING | Страница не найдена: 404 Not Found: The requested URL was not found on the server. If you entered the URL manually please check your spelling and try again.
2025-04-17 16:04:24 | WARNING | Страница не найдена: 404 Not Found: The requested URL was not found on the server. If you entered the URL manually please check your spelling and try again.
2025-04-17 16:05:27 | INFO | Запрос главной страницы
2025-04-17 16:05:27 | WARNING | Страница не найдена: 404 Not Found: The requested URL was not found on the server. If you entered the URL manually please check your spelling and try again.
2025-04-17 16:05:27 | WARNING | Страница не найдена: 404 Not Found: The requested URL was not found on the server. If you entered the URL manually please check your spelling and try again.
2025-04-17 16:05:27 | WARNING | Страница не найдена: 404 Not Found: The requested URL was not found on the server. If you entered the URL manually please check your spelling and try again.
2025-04-17 16:05:27 | WARNING | Страница не найдена: 404 Not Found: The requested URL was not found on the server. If you entered the URL manually please check your spelling and try again.
2025-04-17 16:05:27 | WARNING | Страница не найдена: 404 Not Found: The requested URL was not found on the server. If you entered the URL manually please check your spelling and try again.
2025-04-17 16:05:27 | WARNING | Страница не найдена: 404 Not Found: The requested URL was not found on the server. If you entered the URL manually please check your spelling and try again.
2025-04-17 16:05:27 | WARNING | Страница не найдена: 404 Not Found: The requested URL was not found on the server. If you entered the URL manually please check your spelling and try again.
2025-04-17 16:08:29 | INFO | Запрос главной страницы
2025-04-17 16:08:29 | WARNING | Страница не найдена: 404 Not Found: The requested URL was not found on the server. If you entered the URL manually please check your spelling and try again.
2025-04-17 16:08:29 | WARNING | Страница не найдена: 404 Not Found: The requested URL was not found on the server. If you entered the URL manually please check your spelling and try again.
2025-04-17 16:08:29 | WARNING | Страница не найдена: 404 Not Found: The requested URL was not found on the server. If you entered the URL manually please check your spelling and try again.
2025-04-17 16:08:29 | WARNING | Страница не найдена: 404 Not Found: The requested URL was not found on the server. If you entered the URL manually please check your spelling and try again.
2025-04-17 16:08:29 | WARNING | Страница не найдена: 404 Not Found: The requested URL was not found on the server. If you entered the URL manually please check your spelling and try again.
2025-04-17 16:08:29 | WARNING | Страница не найдена: 404 Not Found: The requested URL was not found on the server. If you entered the URL manually please check your spelling and try again.
2025-04-17 16:08:29 | WARNING | Страница не найдена: 404 Not Found: The requested URL was not found on the server. If you entered the URL manually please check your spelling and try again.
2025-04-17 16:09:37 | INFO | Запрос главной страницы
2025-04-17 16:09:38 | WARNING | Страница не найдена: 404 Not Found: The requested URL was not found on the server. If you entered the URL manually please check your spelling and try again.
2025-04-17 16:09:38 | WARNING | Страница не найдена: 404 Not Found: The requested URL was not found on the server. If you entered the URL manually please check your spelling and try again.
2025-04-17 16:09:38 | WARNING | Страница не найдена: 404 Not Found: The requested URL was not found on the server. If you entered the URL manually please check your spelling and try again.
2025-04-17 16:09:38 | WARNING | Страница не найдена: 404 Not Found: The requested URL was not found on the server. If you entered the URL manually please check your spelling and try again.
2025-04-17 16:09:38 | WARNING | Страница не найдена: 404 Not Found: The requested URL was not found on the server. If you entered the URL manually please check your spelling and try again.
2025-04-17 16:09:56 | INFO | Запрос главной страницы
2025-04-17 16:09:57 | WARNING | Страница не найдена: 404 Not Found: The requested URL was not found on the server. If you entered the URL manually please check your spelling and try again.
2025-04-17 16:09:57 | WARNING | Страница не найдена: 404 Not Found: The requested URL was not found on the server. If you entered the URL manually please check your spelling and try again.
2025-04-17 16:09:57 | WARNING | Страница не найдена: 404 Not Found: The requested URL was not found on the server. If you entered the URL manually please check your spelling and try again.
2025-04-17 16:09:57 | WARNING | Страница не найдена: 404 Not Found: The requested URL was not found on the server. If you entered the URL manually please check your spelling and try again.
2025-04-17 16:09:57 | WARNING | Страница не найдена: 404 Not Found: The requested URL was not found on the server. If you entered the URL manually please check your spelling and try again.
2025-04-17 16:10:19 | INFO | Запрос главной страницы
2025-04-17 16:10:19 | WARNING | Страница не найдена: 404 Not Found: The requested URL was not found on the server. If you entered the URL manually please check your spelling and try again.
2025-04-17 16:10:19 | WARNING | Страница не найдена: 404 Not Found: The requested URL was not found on the server. If you entered the URL manually please check your spelling and try again.
2025-04-17 16:10:19 | WARNING | Страница не найдена: 404 Not Found: The requested URL was not found on the server. If you entered the URL manually please check your spelling and try again.
2025-04-17 16:10:19 | WARNING | Страница не найдена: 404 Not Found: The requested URL was not found on the server. If you entered the URL manually please check your spelling and try again.
2025-04-17 16:10:41 | INFO | Запрос главной страницы
2025-04-17 16:10:41 | WARNING | Страница не найдена: 404 Not Found: The requested URL was not found on the server. If you entered the URL manually please check your spelling and try again.
2025-04-17 16:10:41 | WARNING | Страница не найдена: 404 Not Found: The requested URL was not found on the server. If you entered the URL manually please check your spelling and try again.
2025-04-17 16:10:41 | WARNING | Страница не найдена: 404 Not Found: The requested URL was not found on the server. If you entered the URL manually please check your spelling and try again.
2025-04-17 16:11:04 | INFO | Запрос главной страницы
2025-04-17 16:11:04 | WARNING | Страница не найдена: 404 Not Found: The requested URL was not found on the server. If you entered the URL manually please check your spelling and try again.
2025-04-17 16:11:04 | WARNING | Страница не найдена: 404 Not Found: The requested URL was not found on the server. If you entered the URL manually please check your spelling and try again.
2025-04-17 16:11:54 | INFO | Запрос главной страницы
2025-04-17 16:11:54 | WARNING | Страница не найдена: 404 Not Found: The requested URL was not found on the server. If you entered the URL manually please check your spelling and try again.
2025-04-17 16:11:54 | WARNING | Страница не найдена: 404 Not Found: The requested URL was not found on the server. If you entered the URL manually please check your spelling and try again.
2025-04-17 16:13:05 | INFO | Запрос главной страницы
2025-04-17 16:13:06 | WARNING | Страница не найдена: 404 Not Found: The requested URL was not found on the server. If you entered the URL manually please check your spelling and try again.
2025-04-17 16:17:59 | INFO | Запрос главной страницы
2025-04-17 16:17:59 | WARNING | Страница не найдена: 404 Not Found: The requested URL was not found on the server. If you entered the URL manually please check your spelling and try again.
2025-04-17 16:21:01 | INFO | Запрос главной страницы
2025-04-17 16:21:02 | WARNING | Страница не найдена: 404 Not Found: The requested URL was not found on the server. If you entered the URL manually please check your spelling and try again.
2025-04-17 16:21:08 | INFO | Запрос главной страницы
2025-04-17 16:21:08 | WARNING | Страница не найдена: 404 Not Found: The requested URL was not found on the server. If you entered the URL manually please check your spelling and try again.
2025-04-17 16:23:42 | INFO | Запрос главной страницы
2025-04-17 16:23:42 | WARNING | Страница не найдена: 404 Not Found: The requested URL was not found on the server. If you entered the URL manually please check your spelling and try again.
2025-04-17 16:27:06 | INFO | Запрос главной страницы
2025-04-17 16:27:06 | WARNING | Страница не найдена: 404 Not Found: The requested URL was not found on the server. If you entered the URL manually please check your spelling and try again.
2025-04-17 16:32:17 | INFO | Запрос главной страницы
2025-04-17 16:32:17 | WARNING | Страница не найдена: 404 Not Found: The requested URL was not found on the server. If you entered the URL manually please check your spelling and try again.
2025-04-17 16:34:06 | INFO | Запрос главной страницы
2025-04-17 16:34:07 | WARNING | Страница не найдена: 404 Not Found: The requested URL was not found on the server. If you entered the URL manually please check your spelling and try again.
2025-04-17 16:36:59 | INFO | Запрос главной страницы
2025-04-17 16:36:59 | WARNING | Страница не найдена: 404 Not Found: The requested URL was not found on the server. If you entered the URL manually please check your spelling and try again.
2025-04-17 16:37:20 | INFO | Запрос главной страницы
2025-04-17 16:37:21 | WARNING | Страница не найдена: 404 Not Found: The requested URL was not found on the server. If you entered the URL manually please check your spelling and try again.
2025-04-17 16:37:27 | INFO | Запрос главной страницы
2025-04-17 16:37:28 | WARNING | Страница не найдена: 404 Not Found: The requested URL was not found on the server. If you entered the URL manually please check your spelling and try again.
2025-04-17 16:37:59 | INFO | Запрос главной страницы
2025-04-17 16:37:59 | WARNING | Страница не найдена: 404 Not Found: The requested URL was not found on the server. If you entered the URL manually please check your spelling and try again.
2025-04-17 16:42:18 | INFO | Запрос главной страницы
2025-04-17 16:42:18 | WARNING | Страница не найдена: 404 Not Found: The requested URL was not found on the server. If you entered the URL manually please check your spelling and try again.
2025-04-17 16:43:11 | INFO | Запрос главной страницы
2025-04-17 16:43:12 | WARNING | Страница не найдена: 404 Not Found: The requested URL was not found on the server. If you entered the URL manually please check your spelling and try again.
2025-04-17 16:43:41 | INFO | Запрос главной страницы
2025-04-17 16:43:41 | WARNING | Страница не найдена: 404 Not Found: The requested URL was not found on the server. If you entered the URL manually please check your spelling and try again.
2025-04-17 16:44:40 | INFO | Запрос главной страницы
2025-04-17 16:44:41 | WARNING | Страница не найдена: 404 Not Found: The requested URL was not found on the server. If you entered the URL manually please check your spelling and try again.
2025-04-17 16:45:40 | INFO | Запрос главной страницы
2025-04-17 16:45:41 | WARNING | Страница не найдена: 404 Not Found: The requested URL was not found on the server. If you entered the URL manually please check your spelling and try again.
2025-04-17 16:46:11 | INFO | Запрос главной страницы
2025-04-17 16:46:11 | WARNING | Страница не найдена: 404 Not Found: The requested URL was not found on the server. If you entered the URL manually please check your spelling and try again.
2025-04-17 16:46:34 | INFO | Запрос главной страницы
2025-04-17 16:46:35 | WARNING | Страница не найдена: 404 Not Found: The requested URL was not found on the server. If you entered the URL manually please check your spelling and try again.
2025-04-17 16:46:50 | INFO | Запрос главной страницы
2025-04-17 16:46:50 | WARNING | Страница не найдена: 404 Not Found: The requested URL was not found on the server. If you entered the URL manually please check your spelling and try again.
2025-04-17 16:47:28 | INFO | Запрос главной страницы
2025-04-17 16:47:28 | WARNING | Страница не найдена: 404 Not Found: The requested URL was not found on the server. If you entered the URL manually please check your spelling and try again.
2025-04-17 16:48:06 | INFO | Запрос главной страницы
2025-04-17 16:48:06 | WARNING | Страница не найдена: 404 Not Found: The requested URL was not found on the server. If you entered the URL manually please check your spelling and try again.
2025-04-17 16:51:26 | INFO | Запрос главной страницы
2025-04-17 16:51:27 | WARNING | Страница не найдена: 404 Not Found: The requested URL was not found on the server. If you entered the URL manually please check your spelling and try again.
2025-04-17 16:51:58 | INFO | Запрос главной страницы
2025-04-17 16:51:58 | WARNING | Страница не найдена: 404 Not Found: The requested URL was not found on the server. If you entered the URL manually please check your spelling and try again.
2025-04-17 16:52:32 | INFO | Запрос главной страницы
2025-04-17 16:52:33 | WARNING | Страница не найдена: 404 Not Found: The requested URL was not found on the server. If you entered the URL manually please check your spelling and try again.
2025-04-17 16:52:38 | INFO | Запрос главной страницы
2025-04-17 16:52:39 | WARNING | Страница не найдена: 404 Not Found: The requested URL was not found on the server. If you entered the URL manually please check your spelling and try again.
2025-04-17 16:56:25 | INFO | Запрос главной страницы
2025-04-17 16:56:25 | WARNING | Страница не найдена: 404 Not Found: The requested URL was not found on the server. If you entered the URL manually please check your spelling and try again.
2025-04-17 16:57:43 | INFO | Запрос главной страницы
2025-04-17 16:57:43 | WARNING | Страница не найдена: 404 Not Found: The requested URL was not found on the server. If you entered the URL manually please check your spelling and try again.
2025-04-17 16:57:51 | INFO | Запрос главной страницы
2025-04-17 16:57:51 | WARNING | Страница не найдена: 404 Not Found: The requested URL was not found on the server. If you entered the URL manually please check your spelling and try again.
2025-04-17 16:58:21 | INFO | Запрос главной страницы
2025-04-17 16:58:21 | WARNING | Страница не найдена: 404 Not Found: The requested URL was not found on the server. If you entered the URL manually please check your spelling and try again.
2025-04-17 16:59:38 | INFO | Запрос главной страницы
2025-04-17 16:59:38 | WARNING | Страница не найдена: 404 Not Found: The requested URL was not found on the server. If you entered the URL manually please check your spelling and try again.
2025-04-17 16:59:47 | INFO | Запрос главной страницы
2025-04-17 16:59:48 | WARNING | Страница не найдена: 404 Not Found: The requested URL was not found on the server. If you entered the URL manually please check your spelling and try again.
2025-04-17 17:00:13 | INFO | Запрос главной страницы
2025-04-17 17:00:13 | WARNING | Страница не найдена: 404 Not Found: The requested URL was not found on the server. If you entered the URL manually please check your spelling and try again.
2025-04-17 17:00:38 | INFO | Запрос главной страницы
2025-04-17 17:00:39 | WARNING | Страница не найдена: 404 Not Found: The requested URL was not found on the server. If you entered the URL manually please check your spelling and try again.
2025-04-17 17:01:34 | INFO | Запрос главной страницы
2025-04-17 17:01:35 | WARNING | Страница не найдена: 404 Not Found: The requested URL was not found on the server. If you entered the URL manually please check your spelling and try again.
2025-04-17 17:15:09 | INFO | Запрос главной страницы
2025-04-17 17:15:09 | WARNING | Страница не найдена: 404 Not Found: The requested URL was not found on the server. If you entered the URL manually please check your spelling and try again.
2025-04-17 17:15:19 | INFO | Запрос главной страницы
2025-04-17 17:15:19 | WARNING | Страница не найдена: 404 Not Found: The requested URL was not found on the server. If you entered the URL manually please check your spelling and try again.
2025-04-17 17:15:33 | INFO | Запрос главной страницы
2025-04-17 17:15:33 | WARNING | Страница не найдена: 404 Not Found: The requested URL was not found on the server. If you entered the URL manually please check your spelling and try again.
2025-04-17 17:15:44 | INFO | Запрос главной страницы
2025-04-17 17:15:44 | WARNING | Страница не найдена: 404 Not Found: The requested URL was not found on the server. If you entered the URL manually please check your spelling and try again.
2025-04-17 17:16:28 | INFO | Приложение запущено
2025-04-17 17:16:30 | INFO | Приложение запущено
2025-04-17 17:16:32 | INFO | Запрос главной страницы
2025-04-17 17:16:32 | WARNING | Страница не найдена: 404 Not Found: The requested URL was not found on the server. If you entered the URL manually please check your spelling and try again.
2025-04-17 17:17:27 | INFO | Запрос главной страницы
2025-04-17 17:17:27 | WARNING | Страница не найдена: 404 Not Found: The requested URL was not found on the server. If you entered the URL manually please check your spelling and try again.
2025-04-17 17:20:16 | INFO | Запрос главной страницы
2025-04-17 17:20:16 | WARNING | Страница не найдена: 404 Not Found: The requested URL was not found on the server. If you entered the URL manually please check your spelling and try again.
2025-04-17 17:22:17 | INFO | Запрос главной страницы
2025-04-17 17:22:17 | WARNING | Страница не найдена: 404 Not Found: The requested URL was not found on the server. If you entered the URL manually please check your spelling and try again.
2025-04-17 17:22:23 | INFO | Запрос главной страницы
2025-04-17 17:22:23 | WARNING | Страница не найдена: 404 Not Found: The requested URL was not found on the server. If you entered the URL manually please check your spelling and try again.
2025-04-17 17:24:22 | INFO | Запрос главной страницы
2025-04-17 17:24:22 | WARNING | Страница не найдена: 404 Not Found: The requested URL was not found on the server. If you entered the URL manually please check your spelling and try again.
2025-04-17 17:24:42 | INFO | Запрос главной страницы
2025-04-17 17:24:43 | WARNING | Страница не найдена: 404 Not Found: The requested URL was not found on the server. If you entered the URL manually please check your spelling and try again.
2025-04-17 17:25:34 | INFO | Запрос главной страницы
2025-04-17 17:25:34 | WARNING | Страница не найдена: 404 Not Found: The requested URL was not found on the server. If you entered the URL manually please check your spelling and try again.
2025-04-17 17:50:52 | INFO | Запрос главной страницы
2025-04-17 17:50:52 | WARNING | Страница не найдена: 404 Not Found: The requested URL was not found on the server. If you entered the URL manually please check your spelling and try again.
2025-04-17 17:51:23 | INFO | Запрос главной страницы
2025-04-17 17:51:23 | WARNING | Страница не найдена: 404 Not Found: The requested URL was not found on the server. If you entered the URL manually please check your spelling and try again.
